
===========================================================================
 report_power
============================================================================
======================= nom_ff_n40C_1v95 Corner ===================================

Group                    Internal    Switching      Leakage        Total
                            Power        Power        Power        Power (Watts)
------------------------------------------------------------------------
Sequential           4.006267e-04 3.663185e-05 2.579706e-09 4.372612e-04  43.0%
Combinational        1.791638e-04 1.623898e-04 8.948250e-09 3.415625e-04  33.6%
Clock                1.178577e-04 1.197012e-04 2.122571e-09 2.375611e-04  23.4%
Macro                0.000000e+00 0.000000e+00 0.000000e+00 0.000000e+00   0.0%
Pad                  0.000000e+00 0.000000e+00 0.000000e+00 0.000000e+00   0.0%
------------------------------------------------------------------------
Total                6.976477e-04 3.187230e-04 1.365053e-08 1.016384e-03 100.0%
                            68.6%        31.4%         0.0%

