
===========================================================================
report_checks -unconstrained
===========================================================================
======================= max_ss_100C_1v60 Corner ===================================

Startpoint: rst (input port clocked by clk)
Endpoint: _0997_ (recovery check against rising-edge clock clk)
Path Group: asynchronous
Path Type: max

Fanout         Cap        Slew       Delay        Time   Description
---------------------------------------------------------------------------------------------
                                  0.000000    0.000000   clock clk (rise edge)
                                  0.000000    0.000000   clock network delay (propagated)
                                  5.000000    5.000000 v input external delay
     1    0.002707    0.018099    0.008983    5.008983 v rst (in)
                                                         rst (net)
                      0.018099    0.000000    5.008983 v input65/A (sky130_fd_sc_hd__clkbuf_1)
     1    0.003684    0.059251    0.145375    5.154358 v input65/X (sky130_fd_sc_hd__clkbuf_1)
                                                         net65 (net)
                      0.059251    0.000143    5.154501 v fanout187/A (sky130_fd_sc_hd__clkbuf_4)
     8    0.071950    0.258868    0.409701    5.564203 v fanout187/X (sky130_fd_sc_hd__clkbuf_4)
                                                         net187 (net)
                      0.259347    0.008436    5.572639 v fanout186/A (sky130_fd_sc_hd__clkbuf_2)
     5    0.025255    0.182831    0.378545    5.951184 v fanout186/X (sky130_fd_sc_hd__clkbuf_2)
                                                         net186 (net)
                      0.182883    0.002941    5.954125 v fanout185/A (sky130_fd_sc_hd__clkbuf_2)
     6    0.034318    0.241791    0.389274    6.343399 v fanout185/X (sky130_fd_sc_hd__clkbuf_2)
                                                         net185 (net)
                      0.241818    0.002577    6.345976 v fanout184/A (sky130_fd_sc_hd__buf_2)
     6    0.041494    0.195539    0.448398    6.794374 v fanout184/X (sky130_fd_sc_hd__buf_2)
                                                         net184 (net)
                      0.195608    0.003459    6.797833 v _0835_/A (sky130_fd_sc_hd__inv_2)
     1    0.017109    0.140466    0.197081    6.994915 ^ _0835_/Y (sky130_fd_sc_hd__inv_2)
                                                         _0040_ (net)
                      0.140479    0.001418    6.996332 ^ _0997_/RESET_B (sky130_fd_sc_hd__dfrtp_1)
                                              6.996332   data arrival time

                                 25.000000   25.000000   clock clk (rise edge)
                                  0.000000   25.000000   clock source latency
     1    0.025457    0.188108    0.129740   25.129740 ^ clk (in)
                                                         clk (net)
                      0.188125    0.000000   25.129740 ^ clkbuf_0_clk/A (sky130_fd_sc_hd__clkbuf_16)
    16    0.111296    0.192895    0.377975   25.507713 ^ clkbuf_0_clk/X (sky130_fd_sc_hd__clkbuf_16)
                                                         clknet_0_clk (net)
                      0.193403    0.007230   25.514944 ^ clkbuf_4_15_0_clk/A (sky130_fd_sc_hd__clkbuf_8)
    15    0.043982    0.139264    0.341103   25.856047 ^ clkbuf_4_15_0_clk/X (sky130_fd_sc_hd__clkbuf_8)
                                                         clknet_4_15_0_clk (net)
                      0.139312    0.002434   25.858480 ^ _0997_/CLK (sky130_fd_sc_hd__dfrtp_1)
                                 -0.250000   25.608480   clock uncertainty
                                  0.000000   25.608480   clock reconvergence pessimism
                                  0.459673   26.068155   library recovery time
                                             26.068155   data required time
---------------------------------------------------------------------------------------------
                                             26.068155   data required time
                                             -6.996332   data arrival time
---------------------------------------------------------------------------------------------
                                             19.071821   slack (MET)


Startpoint: start (input port clocked by clk)
Endpoint: _0991_ (rising edge-triggered flip-flop clocked by clk)
Path Group: clk
Path Type: max

Fanout         Cap        Slew       Delay        Time   Description
---------------------------------------------------------------------------------------------
                                  0.000000    0.000000   clock clk (rise edge)
                                  0.000000    0.000000   clock network delay (propagated)
                                  5.000000    5.000000 v input external delay
     1    0.002975    0.019126    0.009830    5.009830 v start (in)
                                                         start (net)
                      0.019127    0.000000    5.009830 v input66/A (sky130_fd_sc_hd__clkbuf_2)
     7    0.029450    0.209944    0.288482    5.298313 v input66/X (sky130_fd_sc_hd__clkbuf_2)
                                                         net66 (net)
                      0.210073    0.003116    5.301429 v _0487_/A (sky130_fd_sc_hd__nor2_1)
     2    0.021713    0.652440    0.609873    5.911302 ^ _0487_/Y (sky130_fd_sc_hd__nor2_1)
                                                         _0306_ (net)
                      0.652449    0.002102    5.913403 ^ fanout140/A (sky130_fd_sc_hd__clkbuf_2)
     6    0.033420    0.290767    0.578430    6.491833 ^ fanout140/X (sky130_fd_sc_hd__clkbuf_2)
                                                         net140 (net)
                      0.290786    0.002602    6.494435 ^ fanout139/A (sky130_fd_sc_hd__clkbuf_2)
     5    0.030540    0.265172    0.427604    6.922040 ^ fanout139/X (sky130_fd_sc_hd__clkbuf_2)
                                                         net139 (net)
                      0.265175    0.001477    6.923516 ^ fanout138/A (sky130_fd_sc_hd__buf_2)
    10    0.045063    0.353458    0.486333    7.409849 ^ fanout138/X (sky130_fd_sc_hd__buf_2)
                                                         net138 (net)
                      0.353684    0.005375    7.415224 ^ fanout136/A (sky130_fd_sc_hd__buf_2)
    10    0.043898    0.344654    0.515964    7.931188 ^ fanout136/X (sky130_fd_sc_hd__buf_2)
                                                         net136 (net)
                      0.344679    0.003165    7.934353 ^ _0612_/B1 (sky130_fd_sc_hd__a22o_1)
     1    0.006316    0.128871    0.381446    8.315799 ^ _0612_/X (sky130_fd_sc_hd__a22o_1)
                                                         _0196_ (net)
                      0.128871    0.000266    8.316066 ^ hold183/A (sky130_fd_sc_hd__dlygate4sd3_1)
     1    0.003497    0.101731    1.075041    9.391106 ^ hold183/X (sky130_fd_sc_hd__dlygate4sd3_1)
                                                         net370 (net)
                      0.101731    0.000227    9.391334 ^ _0991_/D (sky130_fd_sc_hd__dfrtp_1)
                                              9.391334   data arrival time

                                 25.000000   25.000000   clock clk (rise edge)
                                  0.000000   25.000000   clock source latency
     1    0.025457    0.188108    0.129740   25.129740 ^ clk (in)
                                                         clk (net)
                      0.188125    0.000000   25.129740 ^ clkbuf_0_clk/A (sky130_fd_sc_hd__clkbuf_16)
    16    0.111296    0.192895    0.377975   25.507713 ^ clkbuf_0_clk/X (sky130_fd_sc_hd__clkbuf_16)
                                                         clknet_0_clk (net)
                      0.193403    0.007230   25.514944 ^ clkbuf_4_15_0_clk/A (sky130_fd_sc_hd__clkbuf_8)
    15    0.043982    0.139264    0.341103   25.856047 ^ clkbuf_4_15_0_clk/X (sky130_fd_sc_hd__clkbuf_8)
                                                         clknet_4_15_0_clk (net)
                      0.139310    0.002393   25.858440 ^ _0991_/CLK (sky130_fd_sc_hd__dfrtp_1)
                                 -0.250000   25.608440   clock uncertainty
                                  0.000000   25.608440   clock reconvergence pessimism
                                 -0.128888   25.479553   library setup time
                                             25.479553   data required time
---------------------------------------------------------------------------------------------
                                             25.479553   data required time
                                             -9.391334   data arrival time
---------------------------------------------------------------------------------------------
                                             16.088219   slack (MET)




===========================================================================
report_checks --slack_max -0.01
============================================================================
======================= max_ss_100C_1v60 Corner ===================================

No paths found.


===========================================================================
 report_check_types -max_slew -max_cap -max_fanout -violators
============================================================================
======================= max_ss_100C_1v60 Corner ===================================

max fanout

Pin                                   Limit Fanout  Slack
---------------------------------------------------------
clkbuf_0_clk/X                           10     16     -6 (VIOLATED)
clkbuf_4_15_0_clk/X                      10     15     -5 (VIOLATED)
clkbuf_4_5_0_clk/X                       10     15     -5 (VIOLATED)
clkbuf_4_0_0_clk/X                       10     14     -4 (VIOLATED)
clkbuf_4_10_0_clk/X                      10     14     -4 (VIOLATED)
clkbuf_4_2_0_clk/X                       10     14     -4 (VIOLATED)
clkbuf_4_14_0_clk/X                      10     12     -2 (VIOLATED)
clkbuf_4_1_0_clk/X                       10     12     -2 (VIOLATED)
clkbuf_4_13_0_clk/X                      10     11        (VIOLATED)
clkbuf_4_4_0_clk/X                       10     11        (VIOLATED)
clkbuf_4_7_0_clk/X                       10     11        (VIOLATED)



===========================================================================
report_parasitic_annotation -report_unannotated
============================================================================
Found 15 unannotated drivers.
 clkload0/X
 clkload1/Y
 clkload10/Y
 clkload11/Y
 clkload12/Y
 clkload13/Y
 clkload14/X
 clkload2/X
 clkload3/Y
 clkload4/Y
 clkload5/Y
 clkload6/Y
 clkload7/Y
 clkload8/Y
 clkload9/X
Found 0 partially unannotated drivers.

===========================================================================
max slew violation count 0
max fanout violation count 11
max cap violation count 0
============================================================================

===========================================================================
check_setup -verbose -unconstrained_endpoints -multiple_clock -no_clock -no_input_delay -loops -generated_clocks
===========================================================================
