Clock: clk
Sources: clk 
Generated: no
Virtual: yes
Propagated: no
Period: 25.000000

===========================================================================
report_clock_properties
============================================================================
Clock                   Period          Waveform
----------------------------------------------------
clk                  25.000000    0.000000 12.500000

===========================================================================
report_clock_latency
============================================================================
Clock clk
rise -> rise
    min     max
0.000000 0.000000 source latency
0.842324         network latency _1135_/CLK
        0.865073 network latency _1123_/CLK
---------------
0.842324 0.865073 latency
        0.022750 skew

fall -> fall
    min     max
0.000000 0.000000 source latency
0.744626         network latency _1135_/CLK
        0.761816 network latency _1123_/CLK
---------------
0.744626 0.761816 latency
        0.017190 skew



===========================================================================
report_clock_min_period
============================================================================
clk period_min = 6.05 fmax = 165.37
