
===========================================================================
 report_power
============================================================================
======================= max_ss_100C_1v60 Corner ===================================

Group                    Internal    Switching      Leakage        Total
                            Power        Power        Power        Power (Watts)
------------------------------------------------------------------------
Sequential           2.672096e-04 2.405235e-05 3.120272e-06 2.943822e-04  42.0%
Combinational        1.277445e-04 1.101470e-04 4.159010e-06 2.420505e-04  34.5%
Clock                8.483483e-05 7.985980e-05 3.200858e-07 1.650147e-04  23.5%
Macro                0.000000e+00 0.000000e+00 0.000000e+00 0.000000e+00   0.0%
Pad                  0.000000e+00 0.000000e+00 0.000000e+00 0.000000e+00   0.0%
------------------------------------------------------------------------
Total                4.797892e-04 2.140591e-04 7.599363e-06 7.014477e-04 100.0%
                            68.4%        30.5%         1.1%

