
===========================================================================
 report_power
============================================================================
======================= max_ss_100C_1v60 Corner ===================================

Group                    Internal    Switching      Leakage        Total
                            Power        Power        Power        Power (Watts)
------------------------------------------------------------------------
Sequential           6.680468e-04 6.063795e-05 3.120272e-06 7.318050e-04  42.0%
Combinational        3.192499e-04 2.757473e-04 4.186646e-06 5.991838e-04  34.4%
Clock                2.091910e-04 2.014851e-04 3.168604e-07 4.109929e-04  23.6%
Macro                0.000000e+00 0.000000e+00 0.000000e+00 0.000000e+00   0.0%
Pad                  0.000000e+00 0.000000e+00 0.000000e+00 0.000000e+00   0.0%
------------------------------------------------------------------------
Total                1.196489e-03 5.378707e-04 7.623772e-06 1.741983e-03 100.0%
                            68.7%        30.9%         0.4%

