Clock: clk
Sources: clk 
Generated: no
Virtual: yes
Propagated: no
Period: 10.000000

===========================================================================
report_clock_properties
============================================================================
Clock                   Period          Waveform
----------------------------------------------------
clk                  10.000000    0.000000  5.000000

===========================================================================
report_clock_latency
============================================================================
Clock clk
rise -> rise
    min     max
0.000000 0.000000 source latency
0.323725         network latency _1140_/CLK
        0.334016 network latency _1123_/CLK
---------------
0.323725 0.334016 latency
        0.010291 skew

fall -> fall
    min     max
0.000000 0.000000 source latency
0.276419         network latency _1135_/CLK
        0.283594 network latency _1123_/CLK
---------------
0.276419 0.283594 latency
        0.007175 skew



===========================================================================
report_clock_min_period
============================================================================
clk period_min = 2.11 fmax = 473.19
