
===========================================================================
 report_power
============================================================================
======================= min_ff_n40C_1v95 Corner ===================================

Group                    Internal    Switching      Leakage        Total
                            Power        Power        Power        Power (Watts)
------------------------------------------------------------------------
Sequential           1.001576e-03 8.928717e-05 2.579706e-09 1.090866e-03  43.4%
Combinational        4.474418e-04 3.934911e-04 9.058502e-09 8.409419e-04  33.4%
Clock                2.904929e-04 2.918264e-04 2.098840e-09 5.823214e-04  23.2%
Macro                0.000000e+00 0.000000e+00 0.000000e+00 0.000000e+00   0.0%
Pad                  0.000000e+00 0.000000e+00 0.000000e+00 0.000000e+00   0.0%
------------------------------------------------------------------------
Total                1.739510e-03 7.746049e-04 1.373706e-08 2.514129e-03 100.0%
                            69.2%        30.8%         0.0%

