Clock: clk
Sources: clk 
Generated: no
Virtual: yes
Propagated: no
Period: 25.000000

===========================================================================
report_clock_properties
============================================================================
Clock                   Period          Waveform
----------------------------------------------------
clk                  25.000000    0.000000 12.500000

===========================================================================
report_clock_latency
============================================================================
Clock clk
rise -> rise
    min     max
0.000000 0.000000 source latency
0.800797         network latency _1135_/CLK
        0.818526 network latency _1123_/CLK
---------------
0.800797 0.818526 latency
        0.017729 skew

fall -> fall
    min     max
0.000000 0.000000 source latency
0.715333         network latency _1135_/CLK
        0.728742 network latency _1123_/CLK
---------------
0.715333 0.728742 latency
        0.013409 skew



===========================================================================
report_clock_min_period
============================================================================
clk period_min = 5.80 fmax = 172.36
