Clock: clk
Sources: clk 
Generated: no
Virtual: no
Propagated: no
Period: 10.000000

===========================================================================
report_clock_properties
============================================================================
Clock                   Period          Waveform
----------------------------------------------------
clk                  10.000000    0.000000  5.000000

===========================================================================
report_clock_latency
============================================================================
Clock clk
rise -> rise
    min     max
0.000000 0.000000 source latency
1.505900         network latency _0990_/CLK
        1.505900 network latency _0990_/CLK
---------------
1.505900 1.505900 latency
        0.000000 skew

fall -> fall
    min     max
0.000000 0.000000 source latency
0.833574         network latency _0990_/CLK
        0.833574 network latency _0990_/CLK
---------------
0.833574 0.833574 latency
        0.000000 skew



===========================================================================
report_clock_min_period
============================================================================
clk period_min = 5.14 fmax = 194.50
