
===========================================================================
 report_power
============================================================================
======================= nom_tt_025C_1v80 Corner ===================================

Group                    Internal    Switching      Leakage        Total
                            Power        Power        Power        Power (Watts)
------------------------------------------------------------------------
Sequential           3.687560e-04 3.932715e-05 1.909390e-09 4.080851e-04  62.0%
Combinational        1.276303e-04 1.224857e-04 1.828063e-09 2.501178e-04  38.0%
Clock                0.000000e+00 0.000000e+00 2.980835e-10 2.980835e-10   0.0%
Macro                0.000000e+00 0.000000e+00 0.000000e+00 0.000000e+00   0.0%
Pad                  0.000000e+00 0.000000e+00 0.000000e+00 0.000000e+00   0.0%
------------------------------------------------------------------------
Total                4.963863e-04 1.618129e-04 4.035539e-09 6.582032e-04 100.0%
                            75.4%        24.6%         0.0%
Writing metric power__internal__total: 0.0004963863175362349
Writing metric power__switching__total: 0.00016181285900529474
Writing metric power__leakage__total: 4.035539458158155e-9
Writing metric power__total: 0.0006582032074220479

