Clock: clk
Sources: clk 
Generated: no
Virtual: no
Propagated: no
Period: 10.000000

===========================================================================
report_clock_properties
============================================================================
Clock                   Period          Waveform
----------------------------------------------------
clk                  10.000000    0.000000  5.000000

===========================================================================
report_clock_latency
============================================================================
Clock clk
rise -> rise
    min     max
0.000000 0.000000 source latency
0.976392         network latency _0990_/CLK
        0.976392 network latency _0990_/CLK
---------------
0.976392 0.976392 latency
        0.000000 skew

fall -> fall
    min     max
0.000000 0.000000 source latency
0.473614         network latency _0990_/CLK
        0.473614 network latency _0990_/CLK
---------------
0.473614 0.473614 latency
        0.000000 skew



===========================================================================
report_clock_min_period
============================================================================
clk period_min = 2.71 fmax = 368.79
