
===========================================================================
 report_power
============================================================================
======================= nom_tt_025C_1v80 Corner ===================================

Group                    Internal    Switching      Leakage        Total
                            Power        Power        Power        Power (Watts)
------------------------------------------------------------------------
Sequential           8.637229e-04 6.434328e-05 2.117001e-09 9.280683e-04  44.7%
Combinational        3.957522e-04 2.904575e-04 3.336628e-09 6.862130e-04  33.0%
Clock                2.544342e-04 2.095482e-04 5.036820e-10 4.639828e-04  22.3%
Macro                0.000000e+00 0.000000e+00 0.000000e+00 0.000000e+00   0.0%
Pad                  0.000000e+00 0.000000e+00 0.000000e+00 0.000000e+00   0.0%
------------------------------------------------------------------------
Total                1.513908e-03 5.643489e-04 5.957313e-09 2.078263e-03 100.0%
                            72.8%        27.2%         0.0%
Writing metric power__internal__total: 0.0015139078022912145
Writing metric power__switching__total: 0.0005643488839268684
Writing metric power__leakage__total: 5.9573133093238084e-9
Writing metric power__total: 0.002078262623399496

