Clock: clk
Sources: clk 
Generated: no
Virtual: yes
Propagated: no
Period: 25.000000

===========================================================================
report_clock_properties
============================================================================
Clock                   Period          Waveform
----------------------------------------------------
clk                  25.000000    0.000000 12.500000

===========================================================================
report_clock_latency
============================================================================
Clock clk
rise -> rise
    min     max
0.000000 0.000000 source latency
0.323123         network latency _1135_/CLK
        0.332844 network latency _1123_/CLK
---------------
0.323123 0.332844 latency
        0.009721 skew

fall -> fall
    min     max
0.000000 0.000000 source latency
0.275470         network latency _1135_/CLK
        0.282436 network latency _1105_/CLK
---------------
0.275470 0.282436 latency
        0.006966 skew



===========================================================================
report_clock_min_period
============================================================================
clk period_min = 2.10 fmax = 475.72
