
===========================================================================
 report_power
============================================================================
======================= nom_tt_025C_1v80 Corner ===================================

Group                    Internal    Switching      Leakage        Total
                            Power        Power        Power        Power (Watts)
------------------------------------------------------------------------
Sequential           3.454964e-04 2.572993e-05 2.117001e-09 3.712285e-04  44.6%
Combinational        1.583630e-04 1.162363e-04 3.306927e-09 2.746026e-04  33.0%
Clock                1.031746e-04 8.372345e-05 5.058584e-10 1.868985e-04  22.4%
Macro                0.000000e+00 0.000000e+00 0.000000e+00 0.000000e+00   0.0%
Pad                  0.000000e+00 0.000000e+00 0.000000e+00 0.000000e+00   0.0%
------------------------------------------------------------------------
Total                6.070344e-04 2.256896e-04 5.929788e-09 8.327299e-04 100.0%
                            72.9%        27.1%         0.0%
Writing metric power__internal__total: 0.0006070343661122024
Writing metric power__switching__total: 0.00022568961139768362
Writing metric power__leakage__total: 5.929787771918882e-9
Writing metric power__total: 0.0008327299146912992

