
===========================================================================
 report_power
============================================================================
======================= nom_ff_n40C_1v95 Corner ===================================

Group                    Internal    Switching      Leakage        Total
                            Power        Power        Power        Power (Watts)
------------------------------------------------------------------------
Sequential           4.183355e-04 4.354433e-05 3.426021e-09 4.618833e-04  61.5%
Combinational        1.569764e-04 1.327534e-04 4.431206e-09 2.897342e-04  38.5%
Clock                0.000000e+00 0.000000e+00 0.000000e+00 0.000000e+00   0.0%
Macro                0.000000e+00 0.000000e+00 0.000000e+00 0.000000e+00   0.0%
Pad                  0.000000e+00 0.000000e+00 0.000000e+00 0.000000e+00   0.0%
------------------------------------------------------------------------
Total                5.753108e-04 1.762974e-04 7.857212e-09 7.516161e-04 100.0%
                            76.5%        23.5%         0.0%

