Clock: clk
Sources: clk 
Generated: no
Virtual: yes
Propagated: no
Period: 10.000000

===========================================================================
report_clock_properties
============================================================================
Clock                   Period          Waveform
----------------------------------------------------
clk                  10.000000    0.000000  5.000000

===========================================================================
report_clock_latency
============================================================================
Clock clk
rise -> rise
    min     max
0.000000 0.000000 source latency
0.422141         network latency _1140_/CLK
        0.429457 network latency _1105_/CLK
---------------
0.422141 0.429457 latency
        0.007316 skew

fall -> fall
    min     max
0.000000 0.000000 source latency
0.374166         network latency _1140_/CLK
        0.379303 network latency _1022_/CLK
---------------
0.374166 0.379303 latency
        0.005137 skew



===========================================================================
report_clock_min_period
============================================================================
clk period_min = 2.25 fmax = 444.20
