
===========================================================================
report_checks -unconstrained
===========================================================================
======================= max_tt_025C_1v80 Corner ===================================

Startpoint: rst (input port clocked by clk)
Endpoint: _0997_ (recovery check against rising-edge clock clk)
Path Group: asynchronous
Path Type: max

Fanout         Cap        Slew       Delay        Time   Description
---------------------------------------------------------------------------------------------
                                  0.000000    0.000000   clock clk (rise edge)
                                  0.000000    0.000000   clock network delay (propagated)
                                  2.000000    2.000000 v input external delay
     1    0.002726    0.008444    0.004349    2.004349 v rst (in)
                                                         rst (net)
                      0.008451    0.000000    2.004349 v input65/A (sky130_fd_sc_hd__clkbuf_1)
     1    0.003643    0.030787    0.076334    2.080682 v input65/X (sky130_fd_sc_hd__clkbuf_1)
                                                         net65 (net)
                      0.030788    0.000143    2.080825 v fanout187/A (sky130_fd_sc_hd__clkbuf_4)
     8    0.068701    0.140148    0.221422    2.302247 v fanout187/X (sky130_fd_sc_hd__clkbuf_4)
                                                         net187 (net)
                      0.141056    0.009161    2.311408 v fanout186/A (sky130_fd_sc_hd__clkbuf_2)
     5    0.024553    0.098156    0.202567    2.513975 v fanout186/X (sky130_fd_sc_hd__clkbuf_2)
                                                         net186 (net)
                      0.098243    0.002631    2.516606 v fanout185/A (sky130_fd_sc_hd__clkbuf_2)
     6    0.032004    0.124905    0.204655    2.721262 v fanout185/X (sky130_fd_sc_hd__clkbuf_2)
                                                         net185 (net)
                      0.124969    0.002589    2.723850 v fanout184/A (sky130_fd_sc_hd__buf_2)
     6    0.042119    0.104002    0.227931    2.951781 v fanout184/X (sky130_fd_sc_hd__buf_2)
                                                         net184 (net)
                      0.104182    0.003794    2.955575 v _0835_/A (sky130_fd_sc_hd__inv_2)
     1    0.019210    0.095329    0.117826    3.073400 ^ _0835_/Y (sky130_fd_sc_hd__inv_2)
                                                         _0040_ (net)
                      0.095403    0.002160    3.075560 ^ _0997_/RESET_B (sky130_fd_sc_hd__dfrtp_1)
                                              3.075560   data arrival time

                                 10.000000   10.000000   clock clk (rise edge)
                                  0.000000   10.000000   clock source latency
     1    0.024839    0.117326    0.081445   10.081446 ^ clk (in)
                                                         clk (net)
                      0.117351    0.000000   10.081446 ^ clkbuf_0_clk/A (sky130_fd_sc_hd__clkbuf_16)
    16    0.114966    0.128643    0.219343   10.300788 ^ clkbuf_0_clk/X (sky130_fd_sc_hd__clkbuf_16)
                                                         clknet_0_clk (net)
                      0.129474    0.008253   10.309041 ^ clkbuf_4_15_0_clk/A (sky130_fd_sc_hd__clkbuf_8)
    15    0.047783    0.094252    0.195821   10.504862 ^ clkbuf_4_15_0_clk/X (sky130_fd_sc_hd__clkbuf_8)
                                                         clknet_4_15_0_clk (net)
                      0.094492    0.003411   10.508273 ^ _0997_/CLK (sky130_fd_sc_hd__dfrtp_1)
                                 -0.250000   10.258273   clock uncertainty
                                  0.000000   10.258273   clock reconvergence pessimism
                                  0.232558   10.490830   library recovery time
                                             10.490830   data required time
---------------------------------------------------------------------------------------------
                                             10.490830   data required time
                                             -3.075560   data arrival time
---------------------------------------------------------------------------------------------
                                              7.415270   slack (MET)


Startpoint: start (input port clocked by clk)
Endpoint: _0992_ (rising edge-triggered flip-flop clocked by clk)
Path Group: clk
Path Type: max

Fanout         Cap        Slew       Delay        Time   Description
---------------------------------------------------------------------------------------------
                                  0.000000    0.000000   clock clk (rise edge)
                                  0.000000    0.000000   clock network delay (propagated)
                                  2.000000    2.000000 v input external delay
     1    0.002952    0.008968    0.004732    2.004732 v start (in)
                                                         start (net)
                      0.008975    0.000000    2.004732 v input66/A (sky130_fd_sc_hd__clkbuf_2)
     7    0.029232    0.115138    0.157638    2.162370 v input66/X (sky130_fd_sc_hd__clkbuf_2)
                                                         net66 (net)
                      0.115294    0.003121    2.165491 v _0487_/A (sky130_fd_sc_hd__nor2_1)
     2    0.021957    0.393691    0.355298    2.520789 ^ _0487_/Y (sky130_fd_sc_hd__nor2_1)
                                                         _0306_ (net)
                      0.393710    0.002292    2.523081 ^ fanout140/A (sky130_fd_sc_hd__clkbuf_2)
     6    0.032769    0.182683    0.287815    2.810896 ^ fanout140/X (sky130_fd_sc_hd__clkbuf_2)
                                                         net140 (net)
                      0.182719    0.002508    2.813403 ^ fanout139/A (sky130_fd_sc_hd__clkbuf_2)
     5    0.030136    0.167984    0.235509    3.048912 ^ fanout139/X (sky130_fd_sc_hd__clkbuf_2)
                                                         net139 (net)
                      0.167994    0.001424    3.050337 ^ fanout138/A (sky130_fd_sc_hd__buf_2)
    10    0.047616    0.232492    0.280740    3.331077 ^ fanout138/X (sky130_fd_sc_hd__buf_2)
                                                         net138 (net)
                      0.232624    0.004585    3.335662 ^ fanout136/A (sky130_fd_sc_hd__buf_2)
    10    0.044966    0.221045    0.290055    3.625717 ^ fanout136/X (sky130_fd_sc_hd__buf_2)
                                                         net136 (net)
                      0.221192    0.003381    3.629098 ^ _0611_/B1 (sky130_fd_sc_hd__a22o_1)
     1    0.007667    0.087849    0.194484    3.823582 ^ _0611_/X (sky130_fd_sc_hd__a22o_1)
                                                         _0197_ (net)
                      0.087851    0.000585    3.824168 ^ hold80/A (sky130_fd_sc_hd__dlygate4sd3_1)
     1    0.002957    0.054250    0.548928    4.373096 ^ hold80/X (sky130_fd_sc_hd__dlygate4sd3_1)
                                                         net267 (net)
                      0.054250    0.000191    4.373286 ^ _0992_/D (sky130_fd_sc_hd__dfrtp_1)
                                              4.373286   data arrival time

                                 10.000000   10.000000   clock clk (rise edge)
                                  0.000000   10.000000   clock source latency
     1    0.024839    0.117326    0.081445   10.081446 ^ clk (in)
                                                         clk (net)
                      0.117351    0.000000   10.081446 ^ clkbuf_0_clk/A (sky130_fd_sc_hd__clkbuf_16)
    16    0.114966    0.128643    0.219343   10.300788 ^ clkbuf_0_clk/X (sky130_fd_sc_hd__clkbuf_16)
                                                         clknet_0_clk (net)
                      0.129474    0.008253   10.309041 ^ clkbuf_4_15_0_clk/A (sky130_fd_sc_hd__clkbuf_8)
    15    0.047783    0.094252    0.195821   10.504862 ^ clkbuf_4_15_0_clk/X (sky130_fd_sc_hd__clkbuf_8)
                                                         clknet_4_15_0_clk (net)
                      0.094325    0.002419   10.507281 ^ _0992_/CLK (sky130_fd_sc_hd__dfrtp_1)
                                 -0.250000   10.257281   clock uncertainty
                                  0.000000   10.257281   clock reconvergence pessimism
                                 -0.054531   10.202750   library setup time
                                             10.202750   data required time
---------------------------------------------------------------------------------------------
                                             10.202750   data required time
                                             -4.373286   data arrival time
---------------------------------------------------------------------------------------------
                                              5.829464   slack (MET)




===========================================================================
report_checks --slack_max -0.01
============================================================================
======================= max_tt_025C_1v80 Corner ===================================

No paths found.


===========================================================================
 report_check_types -max_slew -max_cap -max_fanout -violators
============================================================================
======================= max_tt_025C_1v80 Corner ===================================

max fanout

Pin                                   Limit Fanout  Slack
---------------------------------------------------------
clkbuf_0_clk/X                           10     16     -6 (VIOLATED)
clkbuf_4_10_0_clk/X                      10     15     -5 (VIOLATED)
clkbuf_4_15_0_clk/X                      10     15     -5 (VIOLATED)
clkbuf_4_5_0_clk/X                       10     15     -5 (VIOLATED)
clkbuf_4_0_0_clk/X                       10     14     -4 (VIOLATED)
clkbuf_4_2_0_clk/X                       10     14     -4 (VIOLATED)
clkbuf_4_14_0_clk/X                      10     12     -2 (VIOLATED)
clkbuf_4_1_0_clk/X                       10     12     -2 (VIOLATED)
clkbuf_4_11_0_clk/X                      10     11        (VIOLATED)
clkbuf_4_4_0_clk/X                       10     11        (VIOLATED)
clkbuf_4_7_0_clk/X                       10     11        (VIOLATED)



===========================================================================
report_parasitic_annotation -report_unannotated
============================================================================
Found 15 unannotated drivers.
 clkload0/X
 clkload1/Y
 clkload10/Y
 clkload11/Y
 clkload12/Y
 clkload13/Y
 clkload14/X
 clkload2/X
 clkload3/Y
 clkload4/Y
 clkload5/Y
 clkload6/Y
 clkload7/Y
 clkload8/Y
 clkload9/X
Found 0 partially unannotated drivers.

===========================================================================
max slew violation count 0
max fanout violation count 11
max cap violation count 0
============================================================================

===========================================================================
check_setup -verbose -unconstrained_endpoints -multiple_clock -no_clock -no_input_delay -loops -generated_clocks
===========================================================================
