Clock: clk
Sources: clk 
Generated: no
Virtual: yes
Propagated: no
Period: 25.000000

===========================================================================
report_clock_properties
============================================================================
Clock                   Period          Waveform
----------------------------------------------------
clk                  25.000000    0.000000 12.500000

===========================================================================
report_clock_latency
============================================================================
Clock clk
rise -> rise
    min     max
0.000000 0.000000 source latency
0.820286         network latency _1135_/CLK
        0.840159 network latency _1123_/CLK
---------------
0.820286 0.840159 latency
        0.019872 skew

fall -> fall
    min     max
0.000000 0.000000 source latency
0.728988         network latency _1135_/CLK
        0.743921 network latency _1123_/CLK
---------------
0.728988 0.743921 latency
        0.014933 skew



===========================================================================
report_clock_min_period
============================================================================
clk period_min = 5.92 fmax = 168.83
