
===========================================================================
 report_power
============================================================================
======================= nom_ss_100C_1v60 Corner ===================================

Group                    Internal    Switching      Leakage        Total
                            Power        Power        Power        Power (Watts)
------------------------------------------------------------------------
Sequential           2.672303e-04 2.329672e-05 3.120272e-06 2.936473e-04  42.3%
Combinational        1.277025e-04 1.067861e-04 4.159010e-06 2.386476e-04  34.4%
Clock                8.485543e-05 7.705401e-05 3.200858e-07 1.622295e-04  23.4%
Macro                0.000000e+00 0.000000e+00 0.000000e+00 0.000000e+00   0.0%
Pad                  0.000000e+00 0.000000e+00 0.000000e+00 0.000000e+00   0.0%
------------------------------------------------------------------------
Total                4.797881e-04 2.071367e-04 7.599363e-06 6.945241e-04 100.0%
                            69.1%        29.8%         1.1%

