
===========================================================================
 report_power
============================================================================
======================= nom_ss_100C_1v60 Corner ===================================

Group                    Internal    Switching      Leakage        Total
                            Power        Power        Power        Power (Watts)
------------------------------------------------------------------------
Sequential           2.767904e-04 2.841707e-05 3.234780e-06 3.084422e-04  61.9%
Combinational        9.968698e-05 8.764194e-05 2.317032e-06 1.896460e-04  38.1%
Clock                0.000000e+00 0.000000e+00 0.000000e+00 0.000000e+00   0.0%
Macro                0.000000e+00 0.000000e+00 0.000000e+00 0.000000e+00   0.0%
Pad                  0.000000e+00 0.000000e+00 0.000000e+00 0.000000e+00   0.0%
------------------------------------------------------------------------
Total                3.764775e-04 1.160592e-04 5.551802e-06 4.980885e-04 100.0%
                            75.6%        23.3%         1.1%

