Clock: clk
Sources: clk 
Generated: no
Virtual: yes
Propagated: no
Period: 10.000000

===========================================================================
report_clock_properties
============================================================================
Clock                   Period          Waveform
----------------------------------------------------
clk                  10.000000    0.000000  5.000000

===========================================================================
report_clock_latency
============================================================================
Clock clk
rise -> rise
    min     max
0.000000 0.000000 source latency
0.436359         network latency _1125_/CLK
        0.445359 network latency _1111_/CLK
---------------
0.436359 0.445359 latency
        0.009000 skew

fall -> fall
    min     max
0.000000 0.000000 source latency
0.384461         network latency _1125_/CLK
        0.390699 network latency _1111_/CLK
---------------
0.384461 0.390699 latency
        0.006238 skew



===========================================================================
report_clock_min_period
============================================================================
clk period_min = 2.88 fmax = 346.91
