Clock: clk
Sources: clk 
Generated: no
Virtual: yes
Propagated: no
Period: 10.000000

===========================================================================
report_clock_properties
============================================================================
Clock                   Period          Waveform
----------------------------------------------------
clk                  10.000000    0.000000  5.000000

===========================================================================
report_clock_latency
============================================================================
Clock clk
rise -> rise
    min     max
0.000000 0.000000 source latency
0.466921         network latency _1140_/CLK
        0.480020 network latency _1123_/CLK
---------------
0.466921 0.480020 latency
        0.013099 skew

fall -> fall
    min     max
0.000000 0.000000 source latency
0.403857         network latency _1135_/CLK
        0.413247 network latency _1123_/CLK
---------------
0.403857 0.413247 latency
        0.009390 skew



===========================================================================
report_clock_min_period
============================================================================
clk period_min = 3.09 fmax = 323.39
