
===========================================================================
 report_power
============================================================================
======================= min_tt_025C_1v80 Corner ===================================

Group                    Internal    Switching      Leakage        Total
                            Power        Power        Power        Power (Watts)
------------------------------------------------------------------------
Sequential           8.636891e-04 7.379190e-05 2.117001e-09 9.374831e-04  43.3%
Combinational        3.965201e-04 3.320974e-04 3.336634e-09 7.286209e-04  33.7%
Clock                2.548003e-04 2.437255e-04 1.164652e-09 4.985269e-04  23.0%
Macro                0.000000e+00 0.000000e+00 0.000000e+00 0.000000e+00   0.0%
Pad                  0.000000e+00 0.000000e+00 0.000000e+00 0.000000e+00   0.0%
------------------------------------------------------------------------
Total                1.515010e-03 6.496145e-04 6.618289e-09 2.164631e-03 100.0%
                            70.0%        30.0%         0.0%

