┏━━━━━━━━━━━━━━━━━━━━━━┳━━━━━━━━━━┳━━━━━━━━━━┳━━━━━━━━━━┳━━━━━━━━━━┳━━━━━━━━━━━┳━━━━━━━━━━┳━━━━━━━━━━━┳━━━━━━━━━━┳━━━━━━━━━━━┳━━━━━━━━━━┳━━━━━━━━━━━┳━━━━━━━━━━┓
┃                      ┃ Hold     ┃ Reg to   ┃          ┃          ┃ of which  ┃ Setup    ┃           ┃          ┃           ┃ of which ┃           ┃          ┃
┃                      ┃ Worst    ┃ Reg      ┃          ┃ Hold Vio ┃ reg to    ┃ Worst    ┃ Reg to    ┃ Setup    ┃ Setup Vio ┃ reg to   ┃ Max Cap   ┃ Max Slew ┃
┃ Corner/Group         ┃ Slack    ┃ Paths    ┃ Hold TNS ┃ Count    ┃ reg       ┃ Slack    ┃ Reg Paths ┃ TNS      ┃ Count     ┃ reg      ┃ Violatio… ┃ Violati… ┃
┡━━━━━━━━━━━━━━━━━━━━━━╇━━━━━━━━━━╇━━━━━━━━━━╇━━━━━━━━━━╇━━━━━━━━━━╇━━━━━━━━━━━╇━━━━━━━━━━╇━━━━━━━━━━━╇━━━━━━━━━━╇━━━━━━━━━━━╇━━━━━━━━━━╇━━━━━━━━━━━╇━━━━━━━━━━┩
│ Overall              │ 0.0309   │ 0.0309   │ 0.0000   │ 0        │ 0         │ 16.4465  │ 22.2690   │ 0.0000   │ 0         │ 0        │ 3         │ 329      │
│ nom_tt_025C_1v80     │ 0.1820   │ 0.1820   │ 0.0000   │ 0        │ 0         │ 18.0313  │ 23.5741   │ 0.0000   │ 0         │ 0        │ 3         │ 296      │
│ nom_ss_100C_1v60     │ 0.6331   │ 0.6331   │ 0.0000   │ 0        │ 0         │ 16.4465  │ 22.2690   │ 0.0000   │ 0         │ 0        │ 3         │ 329      │
│ nom_ff_n40C_1v95     │ 0.0309   │ 0.0309   │ 0.0000   │ 0        │ 0         │ 18.6985  │ 24.0181   │ 0.0000   │ 0         │ 0        │ 1         │ 296      │
└──────────────────────┴──────────┴──────────┴──────────┴──────────┴───────────┴──────────┴───────────┴──────────┴───────────┴──────────┴───────────┴──────────┘
