Clock: clk
Sources: clk 
Generated: no
Virtual: yes
Propagated: no
Period: 25.000000

===========================================================================
report_clock_properties
============================================================================
Clock                   Period          Waveform
----------------------------------------------------
clk                  25.000000    0.000000 12.500000

===========================================================================
report_clock_latency
============================================================================
Clock clk
rise -> rise
    min     max
0.000000 0.000000 source latency
0.341922         network latency _1148_/CLK
        0.355494 network latency _1105_/CLK
---------------
0.341922 0.355494 latency
        0.013573 skew

fall -> fall
    min     max
0.000000 0.000000 source latency
0.289050         network latency _1148_/CLK
        0.299236 network latency _1105_/CLK
---------------
0.289050 0.299236 latency
        0.010187 skew



===========================================================================
report_clock_min_period
============================================================================
clk period_min = 2.20 fmax = 454.86
