
===========================================================================
 report_power
============================================================================
======================= max_tt_025C_1v80 Corner ===================================

Group                    Internal    Switching      Leakage        Total
                            Power        Power        Power        Power (Watts)
------------------------------------------------------------------------
Sequential           3.454956e-04 3.125306e-05 2.117001e-09 3.767508e-04  42.6%
Combinational        1.587729e-04 1.413482e-04 3.306933e-09 3.001244e-04  34.0%
Clock                1.033619e-04 1.035889e-04 1.173308e-09 2.069519e-04  23.4%
Macro                0.000000e+00 0.000000e+00 0.000000e+00 0.000000e+00   0.0%
Pad                  0.000000e+00 0.000000e+00 0.000000e+00 0.000000e+00   0.0%
------------------------------------------------------------------------
Total                6.076302e-04 2.761899e-04 6.597243e-09 8.838267e-04 100.0%
                            68.7%        31.2%         0.0%

