
===========================================================================
 report_power
============================================================================
======================= nom_tt_025C_1v80 Corner ===================================

Group                    Internal    Switching      Leakage        Total
                            Power        Power        Power        Power (Watts)
------------------------------------------------------------------------
Sequential           3.456084e-04 2.757641e-05 2.117001e-09 3.731870e-04  50.2%
Combinational        8.370152e-05 1.003892e-04 2.281729e-09 1.840930e-04  24.8%
Clock                1.031654e-04 8.321468e-05 5.058584e-10 1.863806e-04  25.1%
Macro                0.000000e+00 0.000000e+00 0.000000e+00 0.000000e+00   0.0%
Pad                  0.000000e+00 0.000000e+00 0.000000e+00 0.000000e+00   0.0%
------------------------------------------------------------------------
Total                5.324754e-04 2.111803e-04 4.904575e-09 7.436606e-04 100.0%
                            71.6%        28.4%         0.0%
Writing metric power__internal__total: 0.0005324754165485501
Writing metric power__switching__total: 0.00021118031872902066
Writing metric power__leakage__total: 4.904574968378483e-9
Writing metric power__total: 0.0007436606101691723

