
===========================================================================
 report_power
============================================================================
======================= nom_ff_n40C_1v95 Corner ===================================

Group                    Internal    Switching      Leakage        Total
                            Power        Power        Power        Power (Watts)
------------------------------------------------------------------------
Sequential           1.001575e-03 9.221011e-05 2.579706e-09 1.093788e-03  43.1%
Combinational        4.477150e-04 4.065596e-04 9.058502e-09 8.542837e-04  33.6%
Clock                2.905366e-04 3.020568e-04 2.098840e-09 5.925955e-04  23.3%
Macro                0.000000e+00 0.000000e+00 0.000000e+00 0.000000e+00   0.0%
Pad                  0.000000e+00 0.000000e+00 0.000000e+00 0.000000e+00   0.0%
------------------------------------------------------------------------
Total                1.739827e-03 8.008265e-04 1.373706e-08 2.540667e-03 100.0%
                            68.5%        31.5%         0.0%

