Clock: clk
Sources: clk 
Generated: no
Virtual: yes
Propagated: no
Period: 25.000000

===========================================================================
report_clock_properties
============================================================================
Clock                   Period          Waveform
----------------------------------------------------
clk                  25.000000    0.000000 12.500000

===========================================================================
report_clock_latency
============================================================================
Clock clk
rise -> rise
    min     max
0.000000 0.000000 source latency
0.466706         network latency _1135_/CLK
        0.478946 network latency _1123_/CLK
---------------
0.466706 0.478946 latency
        0.012240 skew

fall -> fall
    min     max
0.000000 0.000000 source latency
0.402427         network latency _1135_/CLK
        0.411543 network latency _1123_/CLK
---------------
0.402427 0.411543 latency
        0.009115 skew



===========================================================================
report_clock_min_period
============================================================================
clk period_min = 3.09 fmax = 323.67
