
===========================================================================
 report_power
============================================================================
======================= min_tt_025C_1v80 Corner ===================================

Group                    Internal    Switching      Leakage        Total
                            Power        Power        Power        Power (Watts)
------------------------------------------------------------------------
Sequential           3.454685e-04 2.932840e-05 2.117001e-09 3.747990e-04  43.3%
Combinational        1.586659e-04 1.326767e-04 3.306933e-09 2.913459e-04  33.6%
Clock                1.033191e-04 9.665032e-05 1.173308e-09 1.999706e-04  23.1%
Macro                0.000000e+00 0.000000e+00 0.000000e+00 0.000000e+00   0.0%
Pad                  0.000000e+00 0.000000e+00 0.000000e+00 0.000000e+00   0.0%
------------------------------------------------------------------------
Total                6.074536e-04 2.586554e-04 6.597243e-09 8.661156e-04 100.0%
                            70.1%        29.9%         0.0%

