
===========================================================================
 report_power
============================================================================
======================= nom_ss_100C_1v60 Corner ===================================

Group                    Internal    Switching      Leakage        Total
                            Power        Power        Power        Power (Watts)
------------------------------------------------------------------------
Sequential           6.919767e-04 7.104273e-05 3.234780e-06 7.662542e-04  61.9%
Combinational        2.492158e-04 2.191047e-04 2.317032e-06 4.706376e-04  38.0%
Clock                0.000000e+00 0.000000e+00 0.000000e+00 0.000000e+00   0.0%
Macro                0.000000e+00 0.000000e+00 0.000000e+00 0.000000e+00   0.0%
Pad                  0.000000e+00 0.000000e+00 0.000000e+00 0.000000e+00   0.0%
------------------------------------------------------------------------
Total                9.411936e-04 2.901477e-04 5.551802e-06 1.236893e-03 100.0%
                            76.1%        23.5%         0.4%

